Archive member included to satisfy reference by file (symbol)

/home/fermata/.local/share/renesas/e2_studio/toolchains/gcc_arm/13_2-Rel1/arm-gnu-toolchain-13.2.Rel1-x86_64-arm-none-eabi/bin/../lib/gcc/arm-none-eabi/13.2.1/thumb/v8-m.main+dp/hard/libgcc.a(_aeabi_ldivmod.o)
                              ./ra/fsp/src/r_sci_b_uart/r_sci_b_uart.o (__aeabi_ldivmod)
/home/fermata/.local/share/renesas/e2_studio/toolchains/gcc_arm/13_2-Rel1/arm-gnu-toolchain-13.2.Rel1-x86_64-arm-none-eabi/bin/../lib/gcc/arm-none-eabi/13.2.1/thumb/v8-m.main+dp/hard/libgcc.a(_udivmoddi4.o)
                              /home/fermata/.local/share/renesas/e2_studio/toolchains/gcc_arm/13_2-Rel1/arm-gnu-toolchain-13.2.Rel1-x86_64-arm-none-eabi/bin/../lib/gcc/arm-none-eabi/13.2.1/thumb/v8-m.main+dp/hard/libgcc.a(_aeabi_ldivmod.o) (__udivmoddi4)
/home/fermata/.local/share/renesas/e2_studio/toolchains/gcc_arm/13_2-Rel1/arm-gnu-toolchain-13.2.Rel1-x86_64-arm-none-eabi/bin/../lib/gcc/arm-none-eabi/13.2.1/thumb/v8-m.main+dp/hard/libgcc.a(_dvmd_tls.o)
                              /home/fermata/.local/share/renesas/e2_studio/toolchains/gcc_arm/13_2-Rel1/arm-gnu-toolchain-13.2.Rel1-x86_64-arm-none-eabi/bin/../lib/gcc/arm-none-eabi/13.2.1/thumb/v8-m.main+dp/hard/libgcc.a(_aeabi_ldivmod.o) (__aeabi_ldiv0)
/home/fermata/.local/share/renesas/e2_studio/toolchains/gcc_arm/13_2-Rel1/arm-gnu-toolchain-13.2.Rel1-x86_64-arm-none-eabi/bin/../lib/gcc/arm-none-eabi/13.2.1/../../../../arm-none-eabi/lib/thumb/v8-m.main+dp/hard/libg_nano.a(libc_a-exit.o)
                              /home/fermata/.local/share/renesas/e2_studio/toolchains/gcc_arm/13_2-Rel1/arm-gnu-toolchain-13.2.Rel1-x86_64-arm-none-eabi/bin/../lib/gcc/arm-none-eabi/13.2.1/../../../../arm-none-eabi/lib/thumb/v8-m.main+dp/hard/crt0.o (exit)
/home/fermata/.local/share/renesas/e2_studio/toolchains/gcc_arm/13_2-Rel1/arm-gnu-toolchain-13.2.Rel1-x86_64-arm-none-eabi/bin/../lib/gcc/arm-none-eabi/13.2.1/../../../../arm-none-eabi/lib/thumb/v8-m.main+dp/hard/libg_nano.a(libc_a-init.o)
                              /home/fermata/.local/share/renesas/e2_studio/toolchains/gcc_arm/13_2-Rel1/arm-gnu-toolchain-13.2.Rel1-x86_64-arm-none-eabi/bin/../lib/gcc/arm-none-eabi/13.2.1/../../../../arm-none-eabi/lib/thumb/v8-m.main+dp/hard/crt0.o (__libc_init_array)
/home/fermata/.local/share/renesas/e2_studio/toolchains/gcc_arm/13_2-Rel1/arm-gnu-toolchain-13.2.Rel1-x86_64-arm-none-eabi/bin/../lib/gcc/arm-none-eabi/13.2.1/../../../../arm-none-eabi/lib/thumb/v8-m.main+dp/hard/libg_nano.a(libc_a-memcpy-stub.o)
                              ./ra/fsp/src/r_sci_b_uart/r_sci_b_uart.o (memcpy)
/home/fermata/.local/share/renesas/e2_studio/toolchains/gcc_arm/13_2-Rel1/arm-gnu-toolchain-13.2.Rel1-x86_64-arm-none-eabi/bin/../lib/gcc/arm-none-eabi/13.2.1/../../../../arm-none-eabi/lib/thumb/v8-m.main+dp/hard/libg_nano.a(libc_a-findfp.o)
                              /home/fermata/.local/share/renesas/e2_studio/toolchains/gcc_arm/13_2-Rel1/arm-gnu-toolchain-13.2.Rel1-x86_64-arm-none-eabi/bin/../lib/gcc/arm-none-eabi/13.2.1/../../../../arm-none-eabi/lib/thumb/v8-m.main+dp/hard/libg_nano.a(libc_a-exit.o) (__stdio_exit_handler)
/home/fermata/.local/share/renesas/e2_studio/toolchains/gcc_arm/13_2-Rel1/arm-gnu-toolchain-13.2.Rel1-x86_64-arm-none-eabi/bin/../lib/gcc/arm-none-eabi/13.2.1/../../../../arm-none-eabi/lib/thumb/v8-m.main+dp/hard/libg_nano.a(libc_a-strlen.o)
                              ./src/hal_entry.o (strlen)
/home/fermata/.local/share/renesas/e2_studio/toolchains/gcc_arm/13_2-Rel1/arm-gnu-toolchain-13.2.Rel1-x86_64-arm-none-eabi/bin/../lib/gcc/arm-none-eabi/13.2.1/../../../../arm-none-eabi/lib/thumb/v8-m.main+dp/hard/libg_nano.a(libc_a-stdio.o)
                              /home/fermata/.local/share/renesas/e2_studio/toolchains/gcc_arm/13_2-Rel1/arm-gnu-toolchain-13.2.Rel1-x86_64-arm-none-eabi/bin/../lib/gcc/arm-none-eabi/13.2.1/../../../../arm-none-eabi/lib/thumb/v8-m.main+dp/hard/libg_nano.a(libc_a-findfp.o) (__sread)
/home/fermata/.local/share/renesas/e2_studio/toolchains/gcc_arm/13_2-Rel1/arm-gnu-toolchain-13.2.Rel1-x86_64-arm-none-eabi/bin/../lib/gcc/arm-none-eabi/13.2.1/../../../../arm-none-eabi/lib/thumb/v8-m.main+dp/hard/libg_nano.a(libc_a-readr.o)
                              /home/fermata/.local/share/renesas/e2_studio/toolchains/gcc_arm/13_2-Rel1/arm-gnu-toolchain-13.2.Rel1-x86_64-arm-none-eabi/bin/../lib/gcc/arm-none-eabi/13.2.1/../../../../arm-none-eabi/lib/thumb/v8-m.main+dp/hard/libg_nano.a(libc_a-stdio.o) (_read_r)
/home/fermata/.local/share/renesas/e2_studio/toolchains/gcc_arm/13_2-Rel1/arm-gnu-toolchain-13.2.Rel1-x86_64-arm-none-eabi/bin/../lib/gcc/arm-none-eabi/13.2.1/../../../../arm-none-eabi/lib/thumb/v8-m.main+dp/hard/libg_nano.a(libc_a-writer.o)
[...]
Memory Configuration

Name             Origin             Length             Attributes
RAM              0x22000000         0x000e0000         xrw
FLASH            0x02000000         0x001f8000         xr
DATA_FLASH       0x27000000         0x00003000         xr
SDRAM            0x68000000         0x08000000         xrw
OSPI0_CS0        0x80000000         0x10000000         xrw
OSPI0_CS1        0x90000000         0x10000000         xr
OPTION_SETTING_OFS0 0x0300a100         0x00000004         r
OPTION_SETTING_OFS2 0x0300a104         0x00000004         r
OPTION_SETTING_DUALSEL 0x0300a110         0x00000004         r
OPTION_SETTING_OFS1 0x1300a180         0x00000004         r
OPTION_SETTING_BANKSEL 0x1300a190         0x00000004         r
OPTION_SETTING_BPS 0x1300a1c0         0x00000010         r
OPTION_SETTING_PBPS 0x1300a1e0         0x00000010         r
OPTION_SETTING_OFS1_SEC 0x0300a200         0x00000004         r
OPTION_SETTING_BANKSEL_SEC 0x0300a210         0x00000004         r
OPTION_SETTING_BPS_SEC 0x0300a240         0x00000010         r
OPTION_SETTING_PBPS_SEC 0x0300a260         0x00000010         r
OPTION_SETTING_OFS1_SEL 0x0300a280         0x00000004         r
OPTION_SETTING_BANKSEL_SEL 0x0300a290         0x00000004         r
OPTION_SETTING_BPS_SEL 0x0300a2c0         0x00000010         r
OPTION_SETTING_DATA_FLASH_FSBLCTRL0 0x27030080         0x00000004         r
OPTION_SETTING_DATA_FLASH_FSBLCTRL1 0x27030084         0x00000004         r
OPTION_SETTING_DATA_FLASH_FSBLCTRL2 0x27030088         0x00000004         r
OPTION_SETTING_DATA_FLASH_SACC0 0x2703008c         0x00000004         r
OPTION_SETTING_DATA_FLASH_SACC1 0x27030090         0x00000004         r
OPTION_SETTING_DATA_FLASH_SAMR 0x27030094         0x00000004         r
ITCM             0x00000000         0x00010000         xrw
DTCM             0x20000000         0x00010000         xrw
*default*        0x00000000         0xffffffff

Linker script and memory map

LOAD /home/fermata/.local/share/renesas/e2_studio/toolchains/gcc_arm/13_2-Rel1/arm-gnu-toolchain-13.2.Rel1-x86_64-arm-none-eabi/bin/../lib/gcc/arm-none-eabi/13.2.1/thumb/v8-m.main+dp/hard/crti.o
LOAD /home/fermata/.local/share/renesas/e2_studio/toolchains/gcc_arm/13_2-Rel1/arm-gnu-toolchain-13.2.Rel1-x86_64-arm-none-eabi/bin/../lib/gcc/arm-none-eabi/13.2.1/thumb/v8-m.main+dp/hard/crtbegin.o
LOAD /home/fermata/.local/share/renesas/e2_studio/toolchains/gcc_arm/13_2-Rel1/arm-gnu-toolchain-13.2.Rel1-x86_64-arm-none-eabi/bin/../lib/gcc/arm-none-eabi/13.2.1/../../../../arm-none-eabi/lib/thumb/v8-m.main+dp/hard/crt0.o
LOAD ./src/hal_entry.o
LOAD ./src/hal_warmstart.o
LOAD ./ra_gen/common_data.o
LOAD ./ra_gen/hal_data.o
LOAD ./ra_gen/main.o
LOAD ./ra_gen/pin_data.o
LOAD ./ra_gen/vector_data.o
LOAD ./ra/fsp/src/r_sci_b_uart/r_sci_b_uart.o
LOAD ./ra/fsp/src/r_sci_b_spi/r_sci_b_spi.o
LOAD ./ra/fsp/src/r_ioport/r_ioport.o
LOAD ./ra/fsp/src/bsp/mcu/ra8d1/bsp_linker.o
LOAD ./ra/fsp/src/bsp/mcu/all/bsp_clocks.o
LOAD ./ra/fsp/src/bsp/mcu/all/bsp_common.o
LOAD ./ra/fsp/src/bsp/mcu/all/bsp_delay.o
LOAD ./ra/fsp/src/bsp/mcu/all/bsp_group_irq.o
LOAD ./ra/fsp/src/bsp/mcu/all/bsp_guard.o
LOAD ./ra/fsp/src/bsp/mcu/all/bsp_io.o
LOAD ./ra/fsp/src/bsp/mcu/all/bsp_ipc.o
LOAD ./ra/fsp/src/bsp/mcu/all/bsp_irq.o
LOAD ./ra/fsp/src/bsp/mcu/all/bsp_macl.o
LOAD ./ra/fsp/src/bsp/mcu/all/bsp_ospi_b.o
LOAD ./ra/fsp/src/bsp/mcu/all/bsp_register_protection.o
LOAD ./ra/fsp/src/bsp/mcu/all/bsp_sbrk.o
LOAD ./ra/fsp/src/bsp/mcu/all/bsp_sdram.o
LOAD ./ra/fsp/src/bsp/mcu/all/bsp_security.o
LOAD ./ra/fsp/src/bsp/cmsis/Device/RENESAS/Source/startup.o
LOAD ./ra/fsp/src/bsp/cmsis/Device/RENESAS/Source/system.o
START GROUP
LOAD /home/fermata/.local/share/renesas/e2_studio/toolchains/gcc_arm/13_2-Rel1/arm-gnu-toolchain-13.2.Rel1-x86_64-arm-none-eabi/bin/../lib/gcc/arm-none-eabi/13.2.1/thumb/v8-m.main+dp/hard/libgcc.a
LOAD /home/fermata/.local/share/renesas/e2_studio/toolchains/gcc_arm/13_2-Rel1/arm-gnu-toolchain-13.2.Rel1-x86_64-arm-none-eabi/bin/../lib/gcc/arm-none-eabi/13.2.1/../../../../arm-none-eabi/lib/thumb/v8-m.main+dp/hard/libg_nano.a
LOAD /home/fermata/.local/share/renesas/e2_studio/toolchains/gcc_arm/13_2-Rel1/arm-gnu-toolchain-13.2.Rel1-x86_64-arm-none-eabi/bin/../lib/gcc/arm-none-eabi/13.2.1/../../../../arm-none-eabi/lib/thumb/v8-m.main+dp/hard/libc_nano.a
END GROUP
START GROUP
LOAD /home/fermata/.local/share/renesas/e2_studio/toolchains/gcc_arm/13_2-Rel1/arm-gnu-toolchain-13.2.Rel1-x86_64-arm-none-eabi/bin/../lib/gcc/arm-none-eabi/13.2.1/thumb/v8-m.main+dp/hard/libgcc.a
LOAD /home/fermata/.local/share/renesas/e2_studio/toolchains/gcc_arm/13_2-Rel1/arm-gnu-toolchain-13.2.Rel1-x86_64-arm-none-eabi/bin/../lib/gcc/arm-none-eabi/13.2.1/../../../../arm-none-eabi/lib/thumb/v8-m.main+dp/hard/libc_nano.a
END GROUP
LOAD /home/fermata/.local/share/renesas/e2_studio/toolchains/gcc_arm/13_2-Rel1/arm-gnu-toolchain-13.2.Rel1-x86_64-arm-none-eabi/bin/../lib/gcc/arm-none-eabi/13.2.1/thumb/v8-m.main+dp/hard/crtend.o
LOAD /home/fermata/.local/share/renesas/e2_studio/toolchains/gcc_arm/13_2-Rel1/arm-gnu-toolchain-13.2.Rel1-x86_64-arm-none-eabi/bin/../lib/gcc/arm-none-eabi/13.2.1/thumb/v8-m.main+dp/hard/crtn.o
                0x22000000                        RAM_START = 0x22000000
                0x000e0000                        RAM_LENGTH = 0xe0000
                0x02000000                        FLASH_START = 0x2000000
                0x001f8000                        FLASH_LENGTH = 0x1f8000
                0x27000000                        DATA_FLASH_START = 0x27000000
                0x00003000                        DATA_FLASH_LENGTH = 0x3000
                0x68000000                        SDRAM_START = 0x68000000
                0x08000000                        SDRAM_LENGTH = 0x8000000
                0x80000000                        OSPI0_CS0_START = 0x80000000
                0x10000000                        OSPI0_CS0_LENGTH = 0x10000000
                0x90000000                        OSPI0_CS1_START = 0x90000000
                0x10000000                        OSPI0_CS1_LENGTH = 0x10000000
                0x0300a100                        OPTION_SETTING_OFS0_START = 0x300a100
                0x00000004                        OPTION_SETTING_OFS0_LENGTH = 0x4
                0x0300a104                        OPTION_SETTING_OFS2_START = 0x300a104
                0x00000004                        OPTION_SETTING_OFS2_LENGTH = 0x4
                0x0300a110                        OPTION_SETTING_DUALSEL_START = 0x300a110
                0x00000004                        OPTION_SETTING_DUALSEL_LENGTH = 0x4
                0x1300a180                        OPTION_SETTING_OFS1_START = 0x1300a180
                0x00000004                        OPTION_SETTING_OFS1_LENGTH = 0x4
                0x1300a190                        OPTION_SETTING_BANKSEL_START = 0x1300a190
                0x00000004                        OPTION_SETTING_BANKSEL_LENGTH = 0x4
                0x1300a1c0                        OPTION_SETTING_BPS_START = 0x1300a1c0
                0x00000010                        OPTION_SETTING_BPS_LENGTH = 0x10
                0x1300a1e0                        OPTION_SETTING_PBPS_START = 0x1300a1e0
                0x00000010                        OPTION_SETTING_PBPS_LENGTH = 0x10
                0x0300a200                        OPTION_SETTING_OFS1_SEC_START = 0x300a200
                0x00000004                        OPTION_SETTING_OFS1_SEC_LENGTH = 0x4
                0x0300a210                        OPTION_SETTING_BANKSEL_SEC_START = 0x300a210
                0x00000004                        OPTION_SETTING_BANKSEL_SEC_LENGTH = 0x4
                0x0300a240                        OPTION_SETTING_BPS_SEC_START = 0x300a240
                0x00000010                        OPTION_SETTING_BPS_SEC_LENGTH = 0x10
                0x0300a260                        OPTION_SETTING_PBPS_SEC_START = 0x300a260
                0x00000010                        OPTION_SETTING_PBPS_SEC_LENGTH = 0x10
                0x0300a280                        OPTION_SETTING_OFS1_SEL_START = 0x300a280
                0x00000004                        OPTION_SETTING_OFS1_SEL_LENGTH = 0x4
                0x0300a290                        OPTION_SETTING_BANKSEL_SEL_START = 0x300a290
                0x00000004                        OPTION_SETTING_BANKSEL_SEL_LENGTH = 0x4
                0x0300a2c0                        OPTION_SETTING_BPS_SEL_START = 0x300a2c0
                0x00000010                        OPTION_SETTING_BPS_SEL_LENGTH = 0x10
                0x27030080                        OPTION_SETTING_DATA_FLASH_FSBLCTRL0_START = 0x27030080
                0x00000004                        OPTION_SETTING_DATA_FLASH_FSBLCTRL0_LENGTH = 0x4
                0x27030084                        OPTION_SETTING_DATA_FLASH_FSBLCTRL1_START = 0x27030084
                0x00000004                        OPTION_SETTING_DATA_FLASH_FSBLCTRL1_LENGTH = 0x4
                0x27030088                        OPTION_SETTING_DATA_FLASH_FSBLCTRL2_START = 0x27030088
                0x00000004                        OPTION_SETTING_DATA_FLASH_FSBLCTRL2_LENGTH = 0x4
                0x2703008c                        OPTION_SETTING_DATA_FLASH_SACC0_START = 0x2703008c
                0x00000004                        OPTION_SETTING_DATA_FLASH_SACC0_LENGTH = 0x4
                0x27030090                        OPTION_SETTING_DATA_FLASH_SACC1_START = 0x27030090
                0x00000004                        OPTION_SETTING_DATA_FLASH_SACC1_LENGTH = 0x4
                0x27030094                        OPTION_SETTING_DATA_FLASH_SAMR_START = 0x27030094
                0x00000004                        OPTION_SETTING_DATA_FLASH_SAMR_LENGTH = 0x4
                0x00000000                        ITCM_START = 0x0
                0x00010000                        ITCM_LENGTH = 0x10000
                0x20000000                        DTCM_START = 0x20000000
                0x00010000                        DTCM_LENGTH = 0x10000
START GROUP
LOAD /home/fermata/.local/share/renesas/e2_studio/toolchains/gcc_arm/13_2-Rel1/arm-gnu-toolchain-13.2.Rel1-x86_64-arm-none-eabi/bin/../lib/gcc/arm-none-eabi/13.2.1/thumb/v8-m.main+dp/hard/libgcc.a
LOAD /home/fermata/.local/share/renesas/e2_studio/toolchains/gcc_arm/13_2-Rel1/arm-gnu-toolchain-13.2.Rel1-x86_64-arm-none-eabi/bin/../lib/gcc/arm-none-eabi/13.2.1/../../../../arm-none-eabi/lib/thumb/v8-m.main+dp/hard/libc.a
LOAD /home/fermata/.local/share/renesas/e2_studio/toolchains/gcc_arm/13_2-Rel1/arm-gnu-toolchain-13.2.Rel1-x86_64-arm-none-eabi/bin/../lib/gcc/arm-none-eabi/13.2.1/../../../../arm-none-eabi/lib/thumb/v8-m.main+dp/hard/libm.a
END GROUP

.ospi0_cs1.startof
                0x90000000        0x0
                0x90000000                        __ddsc_OSPI0_CS1_START = .

.sdram.startof  0x68000000        0x0
                0x68000000                        __ddsc_SDRAM_START = .

__sdram_from_ospi0_cs1$$
                0x68000000        0x0 load address 0x90000000
                0x68000000                        __sdram_from_ospi0_cs1$$Base = .
                0x90000000                        __sdram_from_ospi0_cs1$$Load = LOADADDR (__sdram_from_ospi0_cs1$$)
 *(.sdram_from_ospi0_cs1)
 *(.sdram_code_from_ospi0_cs1)
                0x68000000                        __sdram_from_ospi0_cs1$$Limit = .

.ospi0_cs0.startof
                0x80000000        0x0
                0x80000000                        __ddsc_OSPI0_CS0_START = .

__ospi0_cs0_from_ospi0_cs1$$
                0x80000000        0x0 load address 0x90000000
                0x80000000                        __ospi0_cs0_from_ospi0_cs1$$Base = .
                0x90000000                        __ospi0_cs0_from_ospi0_cs1$$Load = LOADADDR (__ospi0_cs0_from_ospi0_cs1$$)
 *(.ospi0_cs0_from_ospi0_cs1)
 *(.ospi0_cs0_code_from_ospi0_cs1)
                0x80000000                        __ospi0_cs0_from_ospi0_cs1$$Limit = .

.itcm.startof   0x00000000        0x0
                0x00000000                        __ddsc_ITCM_START = .

__itcm_from_ospi0_cs1$$
                0x00000000        0x0 load address 0x90000000
                0x00000000                        __itcm_from_ospi0_cs1$$Base = .
                0x90000000                        __itcm_from_ospi0_cs1$$Load = LOADADDR (__itcm_from_ospi0_cs1$$)
 *(.itcm_from_ospi0_cs1)
 *(.itcm_code_from_ospi0_cs1)
                0x00000000                        __itcm_from_ospi0_cs1$$Limit = .

.dtcm.startof   0x20000000        0x0
                0x20000000                        __ddsc_DTCM_START = .

__dtcm_from_ospi0_cs1$$
                0x20000000        0x0 load address 0x90000000
                0x20000000                        __dtcm_from_ospi0_cs1$$Base = .
                0x90000000                        __dtcm_from_ospi0_cs1$$Load = LOADADDR (__dtcm_from_ospi0_cs1$$)
 *(.dtcm_from_ospi0_cs1)
 *(.dtcm_code_from_ospi0_cs1)
                0x20000000                        __dtcm_from_ospi0_cs1$$Limit = .

.ram.startof    0x22000000        0x0
                0x22000000                        __ddsc_RAM_START = .

__ram_dtc_vector$$
                0x22000000        0x0
                0x22000000                        __ram_dtc_vector$$Base = .
 *(.fsp_dtc_vector_table)
                0x22000000                        __ram_dtc_vector$$Limit = .

__ram_from_ospi0_cs1$$
                0x22000000        0x0 load address 0x90000000
                0x22000000                        __ram_from_ospi0_cs1$$Base = .
                0x90000000                        __ram_from_ospi0_cs1$$Load = LOADADDR (__ram_from_ospi0_cs1$$)
 *(.ram_from_ospi0_cs1)
 *(.ram_code_from_ospi0_cs1)
                0x22000000                        __ram_from_ospi0_cs1$$Limit = .

__ospi0_cs1_readonly$$
                0x90000000        0x0
                0x90000000                        __ospi0_cs1_readonly$$Base = .
 *(.ospi0_cs1)
 *(.ospi0_cs1_code)
                0x90000000                        __ospi0_cs1_readonly$$Limit = .

__ospi0_cs1_noinit$$
                0x90000000        0x0
                0x90000000                        __ospi0_cs1_noinit$$Base = .
 *(.ospi0_cs1_noinit)
                0x90000000                        __ospi0_cs1_noinit$$Limit = .

.ospi0_cs1.endof
                0x90000000        0x0
                0x90000000                        __ddsc_OSPI0_CS1_END = .

.data_flash.startof
                0x27000000        0x0
                0x27000000                        __ddsc_DATA_FLASH_START = .

__sdram_from_data_flash$$
                0x68000000        0x0 load address 0x27000000
                0x68000000                        __sdram_from_data_flash$$Base = .
                0x27000000                        __sdram_from_data_flash$$Load = LOADADDR (__sdram_from_data_flash$$)
 *(.sdram_from_data_flash)
 *(.sdram_code_from_data_flash)
                0x68000000                        __sdram_from_data_flash$$Limit = .

__ospi0_cs0_from_data_flash$$
                0x80000000        0x0 load address 0x27000000
                0x80000000                        __ospi0_cs0_from_data_flash$$Base = .
                0x27000000                        __ospi0_cs0_from_data_flash$$Load = LOADADDR (__ospi0_cs0_from_data_flash$$)
 *(.ospi0_cs0_from_data_flash)
 *(.ospi0_cs0_code_from_data_flash)
                0x80000000                        __ospi0_cs0_from_data_flash$$Limit = .

__itcm_from_data_flash$$
                0x00000000        0x0 load address 0x27000000
                0x00000000                        __itcm_from_data_flash$$Base = .
                0x27000000                        __itcm_from_data_flash$$Load = LOADADDR (__itcm_from_data_flash$$)
 *(.itcm_from_data_flash)
 *(.itcm_code_from_data_flash)
                0x00000000                        __itcm_from_data_flash$$Limit = .

__dtcm_from_data_flash$$
                0x20000000        0x0 load address 0x27000000
                0x20000000                        __dtcm_from_data_flash$$Base = .
                0x27000000                        __dtcm_from_data_flash$$Load = LOADADDR (__dtcm_from_data_flash$$)
 *(.dtcm_from_data_flash)
 *(.dtcm_code_from_data_flash)
                0x20000000                        __dtcm_from_data_flash$$Limit = .

__ram_from_data_flash$$
                0x22000000        0x0 load address 0x27000000
                0x22000000                        __ram_from_data_flash$$Base = .
                0x27000000                        __ram_from_data_flash$$Load = LOADADDR (__ram_from_data_flash$$)
 *(.ram_from_data_flash)
 *(.ram_code_from_data_flash)
                0x22000000                        __ram_from_data_flash$$Limit = .

__data_flash_readonly$$
                0x27000000        0x0
                0x27000000                        __data_flash_readonly$$Base = .
 *(.data_flash)
 *(.data_flash_code)
                0x27000000                        __data_flash_readonly$$Limit = .

__data_flash_noinit$$
                0x27000000        0x0
                0x27000000                        __data_flash_noinit$$Base = .
 *(.data_flash_noinit)
                0x27000000                        __data_flash_noinit$$Limit = .

.data_flash.endof
                0x27000000        0x0
                0x27000000                        __ddsc_DATA_FLASH_END = .

.flash.startof  0x02000000        0x0
                0x02000000                        __ddsc_FLASH_START = .

__flash_vectors$$
                0x02000000       0x60
                0x02000000                        __flash_vectors$$Base = .
                0x02000000                        _VECTORS = .
 *(.fixed_vectors)
 .fixed_vectors
                0x02000000       0x40 ./ra/fsp/src/bsp/cmsis/Device/RENESAS/Source/startup.o
                0x02000000                __Vectors
 *(.application_vectors)
 .application_vectors
                0x02000040       0x20 ./ra_gen/vector_data.o
                0x02000040                g_vector_table
                0x02000060                        __flash_vectors$$Limit = .

__flash_noinit$$
                0x02000060        0x0
                0x02000060                        __flash_noinit$$Base = .
 *(.flash_noinit)
                0x02000060                        __flash_noinit$$Limit = .

__sdram_from_flash$$
                0x68000000        0x0 load address 0x02000060
                0x68000000                        __sdram_from_flash$$Base = .
                0x02000060                        __sdram_from_flash$$Load = LOADADDR (__sdram_from_flash$$)
 *(.sdram_from_flash)
 *(.sdram_code_from_flash)
                0x68000000                        __sdram_from_flash$$Limit = .

__sdram_noinit_nocache$$
                0x68000000        0x0 load address 0x02000060
                0x68000000                        __sdram_noinit_nocache$$Base = .
 *(.sdram_noinit_nocache)
                0x68000000                        __sdram_noinit_nocache$$Limit = .

__sdram_zero_nocache$$
                0x68000000        0x0 load address 0x02000060
                0x68000000                        __sdram_zero_nocache$$Base = .
 *(.sdram_nocache)
                0x68000000                        . = ALIGN (0x20)
                0x68000000                        __sdram_zero_nocache$$Limit = .

__sdram_noinit$$
                0x68000000        0x0 load address 0x02000060
                0x68000000                        __sdram_noinit$$Base = .
 *(.sdram_noinit)
                0x68000000                        __sdram_noinit$$Limit = .

__sdram_zero$$  0x68000000        0x0 load address 0x02000060
                0x68000000                        __sdram_zero$$Base = .
 *(.sdram)
                0x68000000                        __sdram_zero$$Limit = .

.sdram.endof    0x68000000        0x0
                0x68000000                        __ddsc_SDRAM_END = .

__ospi0_cs0_from_flash$$
                0x80000000        0x0 load address 0x02000060
                0x80000000                        __ospi0_cs0_from_flash$$Base = .
                0x02000060                        __ospi0_cs0_from_flash$$Load = LOADADDR (__ospi0_cs0_from_flash$$)
 *(.ospi0_cs0_from_flash)
 *(.ospi0_cs0_code_from_flash)
                0x80000000                        __ospi0_cs0_from_flash$$Limit = .

__ospi0_cs0_noinit_nocache$$
                0x80000000        0x0 load address 0x02000060
                0x80000000                        __ospi0_cs0_noinit_nocache$$Base = .
 *(.ospi0_cs0_noinit_nocache)
                0x80000000                        __ospi0_cs0_noinit_nocache$$Limit = .

__ospi0_cs0_zero_nocache$$
                0x80000000        0x0 load address 0x02000060
                0x80000000                        __ospi0_cs0_zero_nocache$$Base = .
 *(.ospi0_cs0_nocache)
                0x80000000                        . = ALIGN (0x20)
                0x80000000                        __ospi0_cs0_zero_nocache$$Limit = .

__ospi0_cs0_noinit$$
                0x80000000        0x0 load address 0x02000060
                0x80000000                        __ospi0_cs0_noinit$$Base = .
 *(.ospi0_cs0_noinit)
                0x80000000                        __ospi0_cs0_noinit$$Limit = .

__ospi0_cs0_zero$$
                0x80000000        0x0 load address 0x02000060
                0x80000000                        __ospi0_cs0_zero$$Base = .
 *(.ospi0_cs0)
                0x80000000                        __ospi0_cs0_zero$$Limit = .

.ospi0_cs0.endof
                0x80000000        0x0
                0x80000000                        __ddsc_OSPI0_CS0_END = .

__itcm_from_flash$$
                0x00000000        0x0 load address 0x02000060
                0x00000000                        __itcm_from_flash$$Base = .
                0x02000060                        __itcm_from_flash$$Load = LOADADDR (__itcm_from_flash$$)
 *(.itcm_from_flash)
 *(.itcm_code_from_flash)
                0x00000000                        __itcm_from_flash$$Limit = .

__itcm_noinit$$
                0x00000000        0x0 load address 0x02000060
                0x00000000                        __itcm_noinit$$Base = .
 *(.itcm_noinit)
                0x00000000                        __itcm_noinit$$Limit = .

__itcm_zero$$   0x00000000        0x0 load address 0x02000060
                0x00000000                        __itcm_zero$$Base = .
 *(.itcm)
                0x00000000                        __itcm_zero$$Limit = .

.itcm.endof     0x00000000        0x0
                0x00000000                        __ddsc_ITCM_END = .

__dtcm_from_flash$$
                0x20000000        0x0 load address 0x02000060
                0x20000000                        __dtcm_from_flash$$Base = .
                0x02000060                        __dtcm_from_flash$$Load = LOADADDR (__dtcm_from_flash$$)
 *(.dtcm_from_flash)
 *(.dtcm_code_from_flash)
                0x20000000                        __dtcm_from_flash$$Limit = .

__dtcm_noinit$$
                0x20000000        0x0 load address 0x02000060
                0x20000000                        __dtcm_noinit$$Base = .
 *(.dtcm_noinit)
                0x20000000                        __dtcm_noinit$$Limit = .

__dtcm_zero$$   0x20000000        0x0 load address 0x02000060
                0x20000000                        __dtcm_zero$$Base = .
 *(.dtcm)
                0x20000000                        __dtcm_zero$$Limit = .

.dtcm.endof     0x20000000        0x0
                0x20000000                        __ddsc_DTCM_END = .

__ram_from_flash$$
                0x22000000        0x4 load address 0x02000060
                0x22000000                        __ram_from_flash$$Base = .
                0x02000060                        __ram_from_flash$$Load = LOADADDR (__ram_from_flash$$)
 *(.ram_from_flash)
 *(.ram_code_from_flash)
 *(.data*)
 .data.g_uart0_baud_setting
                0x22000000        0x4 ./ra_gen/hal_data.o
                0x22000000                g_uart0_baud_setting
 *(vtable)
                0x22000004                        __ram_from_flash$$Limit = .

.tm_clone_table
                0x22000004        0x0 load address 0x02000064
 .tm_clone_table
                0x22000004        0x0 /home/fermata/.local/share/renesas/e2_studio/toolchains/gcc_arm/13_2-Rel1/arm-gnu-toolchain-13.2.Rel1-x86_64-arm-none-eabi/bin/../lib/gcc/arm-none-eabi/13.2.1/thumb/v8-m.main+dp/hard/crtbegin.o
 .tm_clone_table
                0x22000004        0x0 /home/fermata/.local/share/renesas/e2_studio/toolchains/gcc_arm/13_2-Rel1/arm-gnu-toolchain-13.2.Rel1-x86_64-arm-none-eabi/bin/../lib/gcc/arm-none-eabi/13.2.1/thumb/v8-m.main+dp/hard/crtend.o

.igot.plt       0x22000004        0x0 load address 0x02000064
 .igot.plt      0x22000004        0x0 /home/fermata/.local/share/renesas/e2_studio/toolchains/gcc_arm/13_2-Rel1/arm-gnu-toolchain-13.2.Rel1-x86_64-arm-none-eabi/bin/../lib/gcc/arm-none-eabi/13.2.1/thumb/v8-m.main+dp/hard/crtbegin.o

__ram_noinit_nocache$$
                0x22000020        0x0 load address 0x02000080
                0x22000020                        __ram_noinit_nocache$$Base = .
 *(.ram_noinit_nocache)
                0x22000020                        __ram_noinit_nocache$$Limit = .

__ram_zero_nocache$$
                0x22000004       0x1c load address 0x02000064
                0x22000004                        __ram_zero_nocache$$Base = .
 *(.ram_nocache)
                0x22000020                        . = ALIGN (0x20)
 *fill*         0x22000004       0x1c 
                0x22000020                        __ram_zero_nocache$$Limit = .

__ram_noinit$$  0x22000020      0x42c load address 0x02000064
                0x22000020                        __ram_noinit$$Base = .
 *(.bss.g_heap)
 *(.bss.g_main_stack)
 .bss.g_main_stack
                0x22000020      0x400 ./ra/fsp/src/bsp/cmsis/Device/RENESAS/Source/startup.o
                0x22000020                g_main_stack
 *(.ram_noinit)
 .ram_noinit    0x22000420       0x2c ./ra/fsp/src/bsp/mcu/all/bsp_clocks.o
 *(.noinit)
                0x2200044c                        __ram_noinit$$Limit = .

__ram_zero$$    0x22000450       0xd0 load address 0x02000064
                0x22000450                        __ram_zero$$Base = .
 *(.ram)
 *(.bss*)
 .bss.completed.1
                0x22000450        0x1 /home/fermata/.local/share/renesas/e2_studio/toolchains/gcc_arm/13_2-Rel1/arm-gnu-toolchain-13.2.Rel1-x86_64-arm-none-eabi/bin/../lib/gcc/arm-none-eabi/13.2.1/thumb/v8-m.main+dp/hard/crtbegin.o
 *fill*         0x22000451        0x3 
 .bss.object.0  0x22000454       0x18 /home/fermata/.local/share/renesas/e2_studio/toolchains/gcc_arm/13_2-Rel1/arm-gnu-toolchain-13.2.Rel1-x86_64-arm-none-eabi/bin/../lib/gcc/arm-none-eabi/13.2.1/thumb/v8-m.main+dp/hard/crtbegin.o
 .bss.g_ioport_ctrl
                0x2200046c        0x8 ./ra_gen/common_data.o
                0x2200046c                g_ioport_ctrl
 .bss.g_uart0_ctrl
                0x22000474       0x30 ./ra_gen/hal_data.o
                0x22000474                g_uart0_ctrl
 *fill*         0x220004a4        0x4 
 .bss.g_bsp_group_irq_sources
                0x220004a8       0x40 ./ra/fsp/src/bsp/mcu/all/bsp_group_irq.o
                0x220004a8                g_bsp_group_irq_sources
 .bss.g_protect_pfswe_counter
                0x220004e8        0x4 ./ra/fsp/src/bsp/mcu/all/bsp_io.o
                0x220004e8                g_protect_pfswe_counter
 *fill*         0x220004ec        0x4 
 .bss.gp_renesas_isr_context
                0x220004f0       0x20 ./ra/fsp/src/bsp/mcu/all/bsp_irq.o
                0x220004f0                gp_renesas_isr_context
 .bss.g_protect_counters
                0x22000510        0xa ./ra/fsp/src/bsp/mcu/all/bsp_register_protection.o
                0x22000510                g_protect_counters
 *fill*         0x2200051a        0x2 
 .bss.SystemCoreClock
                0x2200051c        0x4 ./ra/fsp/src/bsp/cmsis/Device/RENESAS/Source/system.o
                0x2200051c                SystemCoreClock
                0x22000520                        __ram_zero$$Limit = .

__ram_thread_stack$$
                0x22000520        0x0 load address 0x02000068
                0x22000520                        __ram_thread_stack$$Base = .
 *(.stack?*)
                0x22000520                        __ram_thread_stack$$Limit = .

.ram.endof      0x22002000        0x0
                0x22002000                        __ddsc_RAM_END = .

.ram.flat_nsc   0x22002000        0x0
                0x22002000                        __sau_ddsc_RAM_NSC = .

__flash_readonly$$
                0x02000068     0x17dc
                0x02000068                        __flash_readonly$$Base = .
 *(.flash)
 *(.flash_code)
 *(.text*)
 .text.deregister_tm_clones
                0x02000068       0x1c /home/fermata/.local/share/renesas/e2_studio/toolchains/gcc_arm/13_2-Rel1/arm-gnu-toolchain-13.2.Rel1-x86_64-arm-none-eabi/bin/../lib/gcc/arm-none-eabi/13.2.1/thumb/v8-m.main+dp/hard/crtbegin.o
 .text.register_tm_clones
                0x02000084       0x28 /home/fermata/.local/share/renesas/e2_studio/toolchains/gcc_arm/13_2-Rel1/arm-gnu-toolchain-13.2.Rel1-x86_64-arm-none-eabi/bin/../lib/gcc/arm-none-eabi/13.2.1/thumb/v8-m.main+dp/hard/crtbegin.o
 .text.__do_global_dtors_aux
                0x020000ac       0x28 /home/fermata/.local/share/renesas/e2_studio/toolchains/gcc_arm/13_2-Rel1/arm-gnu-toolchain-13.2.Rel1-x86_64-arm-none-eabi/bin/../lib/gcc/arm-none-eabi/13.2.1/thumb/v8-m.main+dp/hard/crtbegin.o
 .text.frame_dummy
                0x020000d4       0x24 /home/fermata/.local/share/renesas/e2_studio/toolchains/gcc_arm/13_2-Rel1/arm-gnu-toolchain-13.2.Rel1-x86_64-arm-none-eabi/bin/../lib/gcc/arm-none-eabi/13.2.1/thumb/v8-m.main+dp/hard/crtbegin.o
 .text.uart9_write_string
                0x020000f8       0x30 ./src/hal_entry.o
 .text.hal_entry
                0x02000128       0xf0 ./src/hal_entry.o
                0x02000128                hal_entry
 .text.R_BSP_WarmStart
                0x02000218       0x18 ./src/hal_warmstart.o
                0x02000218                R_BSP_WarmStart
 .text.startup.main
                0x02000230        0xc ./ra_gen/main.o
                0x02000230                main
 .text.R_SCI_B_UART_Read
                0x0200023c        0xc ./ra/fsp/src/r_sci_b_uart/r_sci_b_uart.o
                0x0200023c                R_SCI_B_UART_Read
 .text.R_SCI_B_UART_Write
                0x02000248       0x40 ./ra/fsp/src/r_sci_b_uart/r_sci_b_uart.o
                0x02000248                R_SCI_B_UART_Write
 .text.R_SCI_B_UART_CallbackSet
                0x02000288       0x10 ./ra/fsp/src/r_sci_b_uart/r_sci_b_uart.o
                0x02000288                R_SCI_B_UART_CallbackSet
 .text.R_SCI_B_UART_BaudSet
                0x02000298       0x2c ./ra/fsp/src/r_sci_b_uart/r_sci_b_uart.o
                0x02000298                R_SCI_B_UART_BaudSet
 .text.R_SCI_B_UART_InfoGet
                0x020002c4        0xc ./ra/fsp/src/r_sci_b_uart/r_sci_b_uart.o
                0x020002c4                R_SCI_B_UART_InfoGet
 .text.R_SCI_B_UART_Abort
                0x020002d0       0x48 ./ra/fsp/src/r_sci_b_uart/r_sci_b_uart.o
                0x020002d0                R_SCI_B_UART_Abort
 .text.R_SCI_B_UART_ReadStop
                0x02000318       0x14 ./ra/fsp/src/r_sci_b_uart/r_sci_b_uart.o
                0x02000318                R_SCI_B_UART_ReadStop
 .text.R_SCI_B_UART_ReceiveSuspend
                0x0200032c        0x4 ./ra/fsp/src/r_sci_b_uart/r_sci_b_uart.o
                0x0200032c                R_SCI_B_UART_ReceiveSuspend
 .text.r_sci_b_irq_cfg
                0x02000330       0x70 ./ra/fsp/src/r_sci_b_uart/r_sci_b_uart.o
 .text.r_sci_b_uart_call_callback
                0x020003a0       0x44 ./ra/fsp/src/r_sci_b_uart/r_sci_b_uart.o
 .text.R_SCI_B_UART_Close
                0x020003e4       0xf4 ./ra/fsp/src/r_sci_b_uart/r_sci_b_uart.o
                0x020003e4                R_SCI_B_UART_Close
 .text.R_SCI_B_UART_ReceiveResume
                0x020004d8        0x4 ./ra/fsp/src/r_sci_b_uart/r_sci_b_uart.o
                0x020004d8                R_SCI_B_UART_ReceiveResume
 .text.R_SCI_B_UART_Open
                0x020004dc      0x284 ./ra/fsp/src/r_sci_b_uart/r_sci_b_uart.o
                0x020004dc                R_SCI_B_UART_Open
 .text.sci_b_uart_txi_isr
                0x02000760       0x90 ./ra/fsp/src/r_sci_b_uart/r_sci_b_uart.o
                0x02000760                sci_b_uart_txi_isr
 .text.sci_b_uart_rxi_isr
                0x020007f0       0x90 ./ra/fsp/src/r_sci_b_uart/r_sci_b_uart.o
                0x020007f0                sci_b_uart_rxi_isr
 .text.sci_b_uart_tei_isr
                0x02000880       0x4c ./ra/fsp/src/r_sci_b_uart/r_sci_b_uart.o
                0x02000880                sci_b_uart_tei_isr
 .text.sci_b_uart_eri_isr
                0x020008cc       0x84 ./ra/fsp/src/r_sci_b_uart/r_sci_b_uart.o
                0x020008cc                sci_b_uart_eri_isr
 .text.r_sci_b_spi_call_callback
                0x02000950       0x40 ./ra/fsp/src/r_sci_b_spi/r_sci_b_spi.o
 .text.sci_b_spi_txi_isr
                0x02000990       0x70 ./ra/fsp/src/r_sci_b_spi/r_sci_b_spi.o
                0x02000990                sci_b_spi_txi_isr
 .text.sci_b_spi_rxi_isr
                0x02000a00       0x84 ./ra/fsp/src/r_sci_b_spi/r_sci_b_spi.o
                0x02000a00                sci_b_spi_rxi_isr
 .text.sci_b_spi_tei_isr
                0x02000a84       0x44 ./ra/fsp/src/r_sci_b_spi/r_sci_b_spi.o
                0x02000a84                sci_b_spi_tei_isr
 .text.sci_b_spi_eri_isr
                0x02000ac8       0x48 ./ra/fsp/src/r_sci_b_spi/r_sci_b_spi.o
                0x02000ac8                sci_b_spi_eri_isr
 .text.R_IOPORT_PinWrite
                0x02000b10       0x28 ./ra/fsp/src/r_ioport/r_ioport.o
                0x02000b10                R_IOPORT_PinWrite
 .text.bsp_vbatt_init
                0x02000b38       0xec ./ra/fsp/src/r_ioport/r_ioport.o
 .text.r_ioport_pins_config
                0x02000c24       0xac ./ra/fsp/src/r_ioport/r_ioport.o
 .text.R_IOPORT_Open
                0x02000cd0       0x14 ./ra/fsp/src/r_ioport/r_ioport.o
                0x02000cd0                R_IOPORT_Open
 .text.SystemCoreClockUpdate
                0x02000ce4       0x8c ./ra/fsp/src/bsp/mcu/all/bsp_clocks.o
                0x02000ce4                SystemCoreClockUpdate
 .text.R_BSP_SubClockStabilizeWaitAfterReset
                0x02000d70        0x4 ./ra/fsp/src/bsp/mcu/all/bsp_clocks.o
                0x02000d70                R_BSP_SubClockStabilizeWaitAfterReset
 .text.R_BSP_OctaclkUpdate
                0x02000d74      0x114 ./ra/fsp/src/bsp/mcu/all/bsp_clocks.o
                0x02000d74                R_BSP_OctaclkUpdate
 .text.bsp_clock_init
                0x02000e88      0x1dc ./ra/fsp/src/bsp/mcu/all/bsp_clocks.o
                0x02000e88                bsp_clock_init
 .text.R_BSP_Init_RTC
                0x02001064       0xb0 ./ra/fsp/src/bsp/mcu/all/bsp_clocks.o
                0x02001064                R_BSP_Init_RTC
 .text.bsp_init_internal
                0x02001114        0x4 ./ra/fsp/src/bsp/mcu/all/bsp_common.o
                0x02001114                bsp_init
                0x02001114                bsp_init_internal
 .text.bsp_prv_software_delay_loop
                0x02001118        0xc ./ra/fsp/src/bsp/mcu/all/bsp_delay.o
                0x02001118                bsp_prv_software_delay_loop
 .text.R_BSP_SoftwareDelay
                0x02001124       0x88 ./ra/fsp/src/bsp/mcu/all/bsp_delay.o
                0x02001124                R_BSP_SoftwareDelay
 .text.NMI_Handler
                0x020011ac       0x44 ./ra/fsp/src/bsp/mcu/all/bsp_group_irq.o
                0x020011ac                NMI_Handler
 .text.bsp_irq_cfg
                0x020011f0       0x2c ./ra/fsp/src/bsp/mcu/all/bsp_irq.o
                0x020011f0                bsp_irq_cfg
 .text.R_BSP_RegisterProtectEnable
                0x0200121c       0x60 ./ra/fsp/src/bsp/mcu/all/bsp_register_protection.o
                0x0200121c                R_BSP_RegisterProtectEnable
 .text.R_BSP_RegisterProtectDisable
                0x0200127c       0x54 ./ra/fsp/src/bsp/mcu/all/bsp_register_protection.o
                0x0200127c                R_BSP_RegisterProtectDisable
 .text.Default_Handler
                0x020012d0        0x4 ./ra/fsp/src/bsp/cmsis/Device/RENESAS/Source/startup.o
                0x020012d0                DebugMon_Handler
                0x020012d0                HardFault_Handler
                0x020012d0                SysTick_Handler
                0x020012d0                PendSV_Handler
                0x020012d0                UsageFault_Handler
                0x020012d0                SecureFault_Handler
                0x020012d0                Default_Handler
                0x020012d0                MemManage_Handler
                0x020012d0                SVC_Handler
                0x020012d0                BusFault_Handler
 .text.Reset_Handler
                0x020012d4        0xc ./ra/fsp/src/bsp/cmsis/Device/RENESAS/Source/startup.o
                0x020012d4                Reset_Handler
 .text.SystemRuntimeInit
                0x020012e0       0x64 ./ra/fsp/src/bsp/cmsis/Device/RENESAS/Source/system.o
 *fill*         0x02001344        0x4 
 .text.SystemInit
                0x02001348      0x1fc ./ra/fsp/src/bsp/cmsis/Device/RENESAS/Source/system.o
                0x02001348                SystemInit
 .text.memcpy   0x02001544       0x1a /home/fermata/.local/share/renesas/e2_studio/toolchains/gcc_arm/13_2-Rel1/arm-gnu-toolchain-13.2.Rel1-x86_64-arm-none-eabi/bin/../lib/gcc/arm-none-eabi/13.2.1/../../../../arm-none-eabi/lib/thumb/v8-m.main+dp/hard/libg_nano.a(libc_a-memcpy-stub.o)
                0x02001544                memcpy
 .text          0x0200155e       0x10 /home/fermata/.local/share/renesas/e2_studio/toolchains/gcc_arm/13_2-Rel1/arm-gnu-toolchain-13.2.Rel1-x86_64-arm-none-eabi/bin/../lib/gcc/arm-none-eabi/13.2.1/../../../../arm-none-eabi/lib/thumb/v8-m.main+dp/hard/libg_nano.a(libc_a-strlen.o)
                0x0200155e                strlen
 .text.memset   0x0200156e       0x10 /home/fermata/.local/share/renesas/e2_studio/toolchains/gcc_arm/13_2-Rel1/arm-gnu-toolchain-13.2.Rel1-x86_64-arm-none-eabi/bin/../lib/gcc/arm-none-eabi/13.2.1/../../../../arm-none-eabi/lib/thumb/v8-m.main+dp/hard/libg_nano.a(libc_a-memset.o)
                0x0200156e                memset
 *(.rodata*)
 *fill*         0x0200157e        0x2 
 .rodata.hal_entry.str1.4
                0x02001580       0x19 ./src/hal_entry.o
 *fill*         0x02001599        0x3 
 .rodata.g_uart0
                0x0200159c        0xc ./ra_gen/hal_data.o
                0x0200159c                g_uart0
 .rodata.g_uart0_cfg
                0x020015a8       0x20 ./ra_gen/hal_data.o
                0x020015a8                g_uart0_cfg
 .rodata.g_uart0_cfg_extend
                0x020015c8       0x14 ./ra_gen/hal_data.o
                0x020015c8                g_uart0_cfg_extend
 .rodata.g_bsp_pin_cfg
                0x020015dc        0xc ./ra_gen/pin_data.o
                0x020015dc                g_bsp_pin_cfg
 .rodata.g_bsp_pin_cfg_data
                0x020015e8       0x38 ./ra_gen/pin_data.o
                0x020015e8                g_bsp_pin_cfg_data
 .rodata.g_interrupt_event_link_select
                0x02001620       0x10 ./ra_gen/vector_data.o
                0x02001620                g_interrupt_event_link_select
 .rodata.g_uart_on_sci_b
                0x02001630       0x2c ./ra/fsp/src/r_sci_b_uart/r_sci_b_uart.o
                0x02001630                g_uart_on_sci_b
 .rodata.g_vbatt_pins_input
                0x0200165c        0x6 ./ra/fsp/src/r_ioport/r_ioport.o
 *fill*         0x02001662        0x2 
 .rodata.g_init_info
                0x02001664       0x18 ./ra/fsp/src/bsp/mcu/ra8d1/bsp_linker.o
                0x02001664                g_init_info
 .rodata.nocache_list
                0x0200167c       0x18 ./ra/fsp/src/bsp/mcu/ra8d1/bsp_linker.o
 .rodata.copy_list
                0x02001694       0xf0 ./ra/fsp/src/bsp/mcu/ra8d1/bsp_linker.o
 .rodata.zero_list
                0x02001784       0x60 ./ra/fsp/src/bsp/mcu/ra8d1/bsp_linker.o
 .rodata        0x020017e4        0x2 ./ra/fsp/src/bsp/mcu/all/bsp_clocks.o
 *fill*         0x020017e6        0x2 
 .rodata.g_prcr_masks
                0x020017e8        0xa ./ra/fsp/src/bsp/mcu/all/bsp_register_protection.o
 *(.mcuboot_sce9_key)
 *(.version)
 *fill*         0x020017f2        0x2 
 .version       0x020017f4       0x50 ./ra/fsp/src/bsp/mcu/all/bsp_common.o
                0x02001844                        __flash_readonly$$Limit = .

.glue_7         0x02001844        0x0
 .glue_7        0x02001844        0x0 linker stubs

.glue_7t        0x02001844        0x0
 .glue_7t       0x02001844        0x0 linker stubs

.vfp11_veneer   0x02001844        0x0
 .vfp11_veneer  0x02001844        0x0 linker stubs

.v4_bx          0x02001844        0x0
 .v4_bx         0x02001844        0x0 linker stubs

.init           0x02001844        0x4
 .init          0x02001844        0x4 /home/fermata/.local/share/renesas/e2_studio/toolchains/gcc_arm/13_2-Rel1/arm-gnu-toolchain-13.2.Rel1-x86_64-arm-none-eabi/bin/../lib/gcc/arm-none-eabi/13.2.1/thumb/v8-m.main+dp/hard/crti.o
                0x02001844                _init

.fini           0x02001848        0x4
 .fini          0x02001848        0x4 /home/fermata/.local/share/renesas/e2_studio/toolchains/gcc_arm/13_2-Rel1/arm-gnu-toolchain-13.2.Rel1-x86_64-arm-none-eabi/bin/../lib/gcc/arm-none-eabi/13.2.1/thumb/v8-m.main+dp/hard/crti.o
                0x02001848                _fini

.iplt           0x0200184c        0x0
 .iplt          0x0200184c        0x0 /home/fermata/.local/share/renesas/e2_studio/toolchains/gcc_arm/13_2-Rel1/arm-gnu-toolchain-13.2.Rel1-x86_64-arm-none-eabi/bin/../lib/gcc/arm-none-eabi/13.2.1/thumb/v8-m.main+dp/hard/crtbegin.o

__flash_ctor$$
 *crtbegin.o(.ctors)
 *crtbegin?.o(.ctors)
 EXCLUDE_FILE(*crtend.o *crtend?.o) *(.ctors)
 *(SORT_BY_NAME(.ctors.*))
 *(.ctors)
 *crtbegin.o(.dtors)
 *crtbegin?.o(.dtors)
 EXCLUDE_FILE(*crtend.o *crtend?.o) *(.dtors)
 *(SORT_BY_NAME(.dtors.*))
 *(.dtors)

__flash_preinit_array$$
                0x0200184c        0x0
                0x0200184c                        __preinit_array_start = .
 *(.preinit_array)
                0x0200184c                        __preinit_array_end = .

__flash_.got$$
 *(.got.plt)
 *(.got)

__flash_init_array$$
                0x0200184c        0x4
                0x0200184c                        __init_array_start = .
 *(SORT_BY_NAME(.init_array.*))
 *(.init_array)
 .init_array    0x0200184c        0x4 /home/fermata/.local/share/renesas/e2_studio/toolchains/gcc_arm/13_2-Rel1/arm-gnu-toolchain-13.2.Rel1-x86_64-arm-none-eabi/bin/../lib/gcc/arm-none-eabi/13.2.1/thumb/v8-m.main+dp/hard/crtbegin.o
                0x02001850                        __init_array_end = .

__flash_fini_array$$
                0x02001850        0x4
                0x02001850                        __fini_array_start = .
 *(SORT_BY_NAME(.fini_array.*))
 *(.fini_array)
 .fini_array    0x02001850        0x4 /home/fermata/.local/share/renesas/e2_studio/toolchains/gcc_arm/13_2-Rel1/arm-gnu-toolchain-13.2.Rel1-x86_64-arm-none-eabi/bin/../lib/gcc/arm-none-eabi/13.2.1/thumb/v8-m.main+dp/hard/crtbegin.o
                0x02001854                        __fini_array_end = .

__flash_arm.extab$$
 *(.ARM.extab*)
 *(.gnu.linkonce.armextab.*)

__flash_arm.exidx$$
                0x02001854        0x8
                0x02001854                        __exidx_start = .
 *(.ARM.exidx*)
 .ARM.exidx     0x02001854        0x8 /home/fermata/.local/share/renesas/e2_studio/toolchains/gcc_arm/13_2-Rel1/arm-gnu-toolchain-13.2.Rel1-x86_64-arm-none-eabi/bin/../lib/gcc/arm-none-eabi/13.2.1/../../../../arm-none-eabi/lib/thumb/v8-m.main+dp/hard/libg_nano.a(libc_a-strlen.o)
 *(.gnu.linkonce.armexidx.*)
                0x0200185c                        __exidx_end = .

.flash.endof    0x02008000        0x0
                0x02008000                        __ddsc_FLASH_END = .

.flash.flat_nsc
                0x02008000        0x0
                0x02008000                        __sau_ddsc_FLASH_NSC = .

.option_setting_ofs0.startof
                0x0300a100        0x0
                0x0300a100                        __ddsc_OPTION_SETTING_OFS0_START = .

__option_setting_ofs0_reg$$
                0x0300a100        0x4
                0x0300a100                        __option_setting_ofs0_reg$$Base = .
 *(.option_setting_ofs0)
 .option_setting_ofs0
                0x0300a100        0x4 ./ra/fsp/src/bsp/mcu/ra8d1/bsp_linker.o
                0x0300a104                        __option_setting_ofs0_reg$$Limit = .

.option_setting_ofs0.endof
                0x0300a104        0x0
                0x0300a104                        __ddsc_OPTION_SETTING_OFS0_END = .

.option_setting_ofs2.startof
                0x0300a104        0x0
                0x0300a104                        __ddsc_OPTION_SETTING_OFS2_START = .

__option_setting_ofs2_reg$$
                0x0300a104        0x4
                0x0300a104                        __option_setting_ofs2_reg$$Base = .
 *(.option_setting_ofs2)
 .option_setting_ofs2
                0x0300a104        0x4 ./ra/fsp/src/bsp/mcu/ra8d1/bsp_linker.o
                0x0300a108                        __option_setting_ofs2_reg$$Limit = .

.option_setting_ofs2.endof
                0x0300a108        0x0
                0x0300a108                        __ddsc_OPTION_SETTING_OFS2_END = .

.option_setting_dualsel.startof
                0x0300a110        0x0
                0x0300a110                        __ddsc_OPTION_SETTING_DUALSEL_START = .

__option_setting_dualsel_reg$$
                0x0300a110        0x0
                0x0300a110                        __option_setting_dualsel_reg$$Base = .
 *(.option_setting_dualsel)
                0x0300a110                        __option_setting_dualsel_reg$$Limit = .

.option_setting_dualsel.endof
                0x0300a110        0x0
                0x0300a110                        __ddsc_OPTION_SETTING_DUALSEL_END = .

.option_setting_ofs1.startof
                0x1300a180        0x0
                0x1300a180                        __ddsc_OPTION_SETTING_OFS1_START = .

__option_setting_ofs1_reg$$
                0x1300a180        0x0
                0x1300a180                        __option_setting_ofs1_reg$$Base = .
 *(.option_setting_ofs1)
                0x1300a180                        __option_setting_ofs1_reg$$Limit = .

.option_setting_ofs1.endof
                0x1300a180        0x0
                0x1300a180                        __ddsc_OPTION_SETTING_OFS1_END = .

.option_setting_banksel.startof
                0x1300a190        0x0
                0x1300a190                        __ddsc_OPTION_SETTING_BANKSEL_START = .

__option_setting_banksel_reg$$
                0x1300a190        0x0
                0x1300a190                        __option_setting_banksel_reg$$Base = .
 *(.option_setting_banksel)
                0x1300a190                        __option_setting_banksel_reg$$Limit = .

.option_setting_banksel.endof
                0x1300a190        0x0
                0x1300a190                        __ddsc_OPTION_SETTING_BANKSEL_END = .

.option_setting_bps.startof
                0x1300a1c0        0x0
                0x1300a1c0                        __ddsc_OPTION_SETTING_BPS_START = .

__option_setting_bps_reg$$
                0x1300a1c0        0x0
                0x1300a1c0                        __option_setting_bps_reg$$Base = .
 *(.option_setting_bps)
                0x1300a1c0                        __option_setting_bps_reg$$Limit = .

.option_setting_bps.endof
                0x1300a1c0        0x0
                0x1300a1c0                        __ddsc_OPTION_SETTING_BPS_END = .

.option_setting_pbps.startof
                0x1300a1e0        0x0
                0x1300a1e0                        __ddsc_OPTION_SETTING_PBPS_START = .

__option_setting_pbps_reg$$
                0x1300a1e0        0x0
                0x1300a1e0                        __option_setting_pbps_reg$$Base = .
 *(.option_setting_pbps)
                0x1300a1e0                        __option_setting_pbps_reg$$Limit = .

.option_setting_pbps.endof
                0x1300a1e0        0x0
                0x1300a1e0                        __ddsc_OPTION_SETTING_PBPS_END = .

.option_setting_ofs1_sec.startof
                0x0300a200        0x0
                0x0300a200                        __ddsc_OPTION_SETTING_OFS1_SEC_START = .

__option_setting_ofs1_sec_reg$$
                0x0300a200        0x4
                0x0300a200                        __option_setting_ofs1_sec_reg$$Base = .
 *(.option_setting_ofs1_sec)
 .option_setting_ofs1_sec
                0x0300a200        0x4 ./ra/fsp/src/bsp/mcu/ra8d1/bsp_linker.o
                0x0300a204                        __option_setting_ofs1_sec_reg$$Limit = .

.option_setting_ofs1_sec.endof
                0x0300a204        0x0
                0x0300a204                        __ddsc_OPTION_SETTING_OFS1_SEC_END = .

.option_setting_banksel_sec.startof
                0x0300a210        0x0
                0x0300a210                        __ddsc_OPTION_SETTING_BANKSEL_SEC_START = .

__option_setting_banksel_sec_reg$$
                0x0300a210        0x0
                0x0300a210                        __option_setting_banksel_sec_reg$$Base = .
 *(.option_setting_banksel_sec)
                0x0300a210                        __option_setting_banksel_sec_reg$$Limit = .

.option_setting_banksel_sec.endof
                0x0300a210        0x0
                0x0300a210                        __ddsc_OPTION_SETTING_BANKSEL_SEC_END = .

.option_setting_bps_sec.startof
                0x0300a240        0x0
                0x0300a240                        __ddsc_OPTION_SETTING_BPS_SEC_START = .

__option_setting_bps_sec_reg$$
                0x0300a240        0x0
                0x0300a240                        __option_setting_bps_sec_reg$$Base = .
 *(.option_setting_bps_sec)
                0x0300a240                        __option_setting_bps_sec_reg$$Limit = .

.option_setting_bps_sec.endof
                0x0300a240        0x0
                0x0300a240                        __ddsc_OPTION_SETTING_BPS_SEC_END = .

.option_setting_pbps_sec.startof
                0x0300a260        0x0
                0x0300a260                        __ddsc_OPTION_SETTING_PBPS_SEC_START = .

__option_setting_pbps_sec_reg$$
                0x0300a260        0x0
                0x0300a260                        __option_setting_pbps_sec_reg$$Base = .
 *(.option_setting_pbps_sec)
                0x0300a260                        __option_setting_pbps_sec_reg$$Limit = .

.option_setting_pbps_sec.endof
                0x0300a260        0x0
                0x0300a260                        __ddsc_OPTION_SETTING_PBPS_SEC_END = .

.option_setting_ofs1_sel.startof
                0x0300a280        0x0
                0x0300a280                        __ddsc_OPTION_SETTING_OFS1_SEL_START = .

__option_setting_ofs1_sel_reg$$
                0x0300a280        0x4
                0x0300a280                        __option_setting_ofs1_sel_reg$$Base = .
 *(.option_setting_ofs1_sel)
 .option_setting_ofs1_sel
                0x0300a280        0x4 ./ra/fsp/src/bsp/mcu/ra8d1/bsp_linker.o
                0x0300a284                        __option_setting_ofs1_sel_reg$$Limit = .

.eh_frame       0x0300a284        0x0
 .eh_frame      0x0300a284        0x0 /home/fermata/.local/share/renesas/e2_studio/toolchains/gcc_arm/13_2-Rel1/arm-gnu-toolchain-13.2.Rel1-x86_64-arm-none-eabi/bin/../lib/gcc/arm-none-eabi/13.2.1/thumb/v8-m.main+dp/hard/crtbegin.o

.rel.dyn        0x0300a284        0x0
 .rel.iplt      0x0300a284        0x0 /home/fermata/.local/share/renesas/e2_studio/toolchains/gcc_arm/13_2-Rel1/arm-gnu-toolchain-13.2.Rel1-x86_64-arm-none-eabi/bin/../lib/gcc/arm-none-eabi/13.2.1/thumb/v8-m.main+dp/hard/crtbegin.o

.option_setting_ofs1_sel.endof
                0x0300a284        0x0
                0x0300a284                        __ddsc_OPTION_SETTING_OFS1_SEL_END = .

.option_setting_banksel_sel.startof
                0x0300a290        0x0
                0x0300a290                        __ddsc_OPTION_SETTING_BANKSEL_SEL_START = .

__option_setting_banksel_sel_reg$$
                0x0300a290        0x0
                0x0300a290                        __option_setting_banksel_sel_reg$$Base = .
 *(.option_setting_banksel_sel)
                0x0300a290                        __option_setting_banksel_sel_reg$$Limit = .

.option_setting_banksel_sel.endof
                0x0300a290        0x0
                0x0300a290                        __ddsc_OPTION_SETTING_BANKSEL_SEL_END = .

.option_setting_bps_sel.startof
                0x0300a2c0        0x0
                0x0300a2c0                        __ddsc_OPTION_SETTING_BPS_SEL_START = .

__option_setting_bps_sel_reg$$
                0x0300a2c0        0x0
                0x0300a2c0                        __option_setting_bps_sel_reg$$Base = .
 *(.option_setting_bps_sel)
                0x0300a2c0                        __option_setting_bps_sel_reg$$Limit = .

.option_setting_bps_sel.endof
                0x0300a2c0        0x0
                0x0300a2c0                        __ddsc_OPTION_SETTING_BPS_SEL_END = .

.option_setting_data_flash_fsblctrl0.startof
                0x27030080        0x0
                0x27030080                        __ddsc_OPTION_SETTING_DATA_FLASH_FSBLCTRL0_START = .

__option_setting_data_flash_fsblctrl0_reg$$
                0x27030080        0x0
                0x27030080                        __option_setting_data_flash_fsblctrl0_reg$$Base = .
 *(.option_setting_data_flash_fsblctrl0)
                0x27030080                        __option_setting_data_flash_fsblctrl0_reg$$Limit = .

.option_setting_data_flash_fsblctrl0.endof
                0x27030080        0x0
                0x27030080                        __ddsc_OPTION_SETTING_DATA_FLASH_FSBLCTRL0_END = .

.option_setting_data_flash_fsblctrl1.startof
                0x27030084        0x0
                0x27030084                        __ddsc_OPTION_SETTING_DATA_FLASH_FSBLCTRL1_START = .

__option_setting_data_flash_fsblctrl1_reg$$
                0x27030084        0x0
                0x27030084                        __option_setting_data_flash_fsblctrl1_reg$$Base = .
 *(.option_setting_data_flash_fsblctrl1)
                0x27030084                        __option_setting_data_flash_fsblctrl1_reg$$Limit = .

.option_setting_data_flash_fsblctrl1.endof
                0x27030084        0x0
                0x27030084                        __ddsc_OPTION_SETTING_DATA_FLASH_FSBLCTRL1_END = .

.option_setting_data_flash_fsblctrl2.startof
                0x27030088        0x0
                0x27030088                        __ddsc_OPTION_SETTING_DATA_FLASH_FSBLCTRL2_START = .

__option_setting_data_flash_fsblctrl2_reg$$
                0x27030088        0x0
                0x27030088                        __option_setting_data_flash_fsblctrl2_reg$$Base = .
 *(.option_setting_data_flash_fsblctrl2)
                0x27030088                        __option_setting_data_flash_fsblctrl2_reg$$Limit = .

.option_setting_data_flash_fsblctrl2.endof
                0x27030088        0x0
                0x27030088                        __ddsc_OPTION_SETTING_DATA_FLASH_FSBLCTRL2_END = .

.option_setting_data_flash_sacc0.startof
                0x2703008c        0x0
                0x2703008c                        __ddsc_OPTION_SETTING_DATA_FLASH_SACC0_START = .

__option_setting_data_flash_sacc0_reg$$
                0x2703008c        0x0
                0x2703008c                        __option_setting_data_flash_sacc0_reg$$Base = .
 *(.option_setting_data_flash_sacc0)
                0x2703008c                        __option_setting_data_flash_sacc0_reg$$Limit = .

.option_setting_data_flash_sacc0.endof
                0x2703008c        0x0
                0x2703008c                        __ddsc_OPTION_SETTING_DATA_FLASH_SACC0_END = .

.option_setting_data_flash_sacc1.startof
                0x27030090        0x0
                0x27030090                        __ddsc_OPTION_SETTING_DATA_FLASH_SACC1_START = .

__option_setting_data_flash_sacc1_reg$$
                0x27030090        0x0
                0x27030090                        __option_setting_data_flash_sacc1_reg$$Base = .
 *(.option_setting_data_flash_sacc1)
                0x27030090                        __option_setting_data_flash_sacc1_reg$$Limit = .

.option_setting_data_flash_sacc1.endof
                0x27030090        0x0
                0x27030090                        __ddsc_OPTION_SETTING_DATA_FLASH_SACC1_END = .

.option_setting_data_flash_samr.startof
                0x27030094        0x0
                0x27030094                        __ddsc_OPTION_SETTING_DATA_FLASH_SAMR_START = .

__option_setting_data_flash_samr_reg$$
                0x27030094        0x0
                0x27030094                        __option_setting_data_flash_samr_reg$$Base = .
 *(.option_setting_data_flash_samr)
                0x27030094                        __option_setting_data_flash_samr_reg$$Limit = .

.option_setting_data_flash_samr.endof
                0x27030094        0x0
                0x27030094                        __ddsc_OPTION_SETTING_DATA_FLASH_SAMR_END = .
OUTPUT(ra8d1_eit.elf elf32-littlearm)
LOAD linker stubs

.ARM.attributes
                0x00000000       0x3a
 .ARM.attributes
                0x00000000       0x24 /home/fermata/.local/share/renesas/e2_studio/toolchains/gcc_arm/13_2-Rel1/arm-gnu-toolchain-13.2.Rel1-x86_64-arm-none-eabi/bin/../lib/gcc/arm-none-eabi/13.2.1/thumb/v8-m.main+dp/hard/crti.o
 .ARM.attributes
                0x00000024       0x36 /home/fermata/.local/share/renesas/e2_studio/toolchains/gcc_arm/13_2-Rel1/arm-gnu-toolchain-13.2.Rel1-x86_64-arm-none-eabi/bin/../lib/gcc/arm-none-eabi/13.2.1/thumb/v8-m.main+dp/hard/crtbegin.o
 .ARM.attributes
                0x0000005a       0x3e ./src/hal_entry.o
 .ARM.attributes
                0x00000098       0x3e ./src/hal_warmstart.o
 .ARM.attributes
                0x000000d6       0x3e ./ra_gen/common_data.o
 .ARM.attributes
                0x00000114       0x3e ./ra_gen/hal_data.o
 .ARM.attributes
                0x00000152       0x3e ./ra_gen/main.o
 .ARM.attributes
                0x00000190       0x3e ./ra_gen/pin_data.o
 .ARM.attributes
                0x000001ce       0x3e ./ra_gen/vector_data.o
 .ARM.attributes
                0x0000020c       0x3e ./ra/fsp/src/r_sci_b_uart/r_sci_b_uart.o
 .ARM.attributes
                0x0000024a       0x3e ./ra/fsp/src/r_sci_b_spi/r_sci_b_spi.o
 .ARM.attributes
                0x00000288       0x3e ./ra/fsp/src/r_ioport/r_ioport.o
 .ARM.attributes
                0x000002c6       0x3e ./ra/fsp/src/bsp/mcu/ra8d1/bsp_linker.o
 .ARM.attributes
                0x00000304       0x3e ./ra/fsp/src/bsp/mcu/all/bsp_clocks.o
 .ARM.attributes
                0x00000342       0x3e ./ra/fsp/src/bsp/mcu/all/bsp_common.o
 .ARM.attributes
                0x00000380       0x3e ./ra/fsp/src/bsp/mcu/all/bsp_delay.o
 .ARM.attributes
                0x000003be       0x3e ./ra/fsp/src/bsp/mcu/all/bsp_group_irq.o
 .ARM.attributes
                0x000003fc       0x3e ./ra/fsp/src/bsp/mcu/all/bsp_io.o
 .ARM.attributes
                0x0000043a       0x3e ./ra/fsp/src/bsp/mcu/all/bsp_irq.o
 .ARM.attributes
                0x00000478       0x3e ./ra/fsp/src/bsp/mcu/all/bsp_register_protection.o
 .ARM.attributes
                0x000004b6       0x3e ./ra/fsp/src/bsp/cmsis/Device/RENESAS/Source/startup.o
 .ARM.attributes
                0x000004f4       0x3e ./ra/fsp/src/bsp/cmsis/Device/RENESAS/Source/system.o
 .ARM.attributes
                0x00000532       0x36 /home/fermata/.local/share/renesas/e2_studio/toolchains/gcc_arm/13_2-Rel1/arm-gnu-toolchain-13.2.Rel1-x86_64-arm-none-eabi/bin/../lib/gcc/arm-none-eabi/13.2.1/../../../../arm-none-eabi/lib/thumb/v8-m.main+dp/hard/libg_nano.a(libc_a-memcpy-stub.o)
 .ARM.attributes
                0x00000568       0x22 /home/fermata/.local/share/renesas/e2_studio/toolchains/gcc_arm/13_2-Rel1/arm-gnu-toolchain-13.2.Rel1-x86_64-arm-none-eabi/bin/../lib/gcc/arm-none-eabi/13.2.1/../../../../arm-none-eabi/lib/thumb/v8-m.main+dp/hard/libg_nano.a(libc_a-strlen.o)
 .ARM.attributes
                0x0000058a       0x36 /home/fermata/.local/share/renesas/e2_studio/toolchains/gcc_arm/13_2-Rel1/arm-gnu-toolchain-13.2.Rel1-x86_64-arm-none-eabi/bin/../lib/gcc/arm-none-eabi/13.2.1/../../../../arm-none-eabi/lib/thumb/v8-m.main+dp/hard/libg_nano.a(libc_a-memset.o)
 .ARM.attributes
                0x000005c0       0x36 /home/fermata/.local/share/renesas/e2_studio/toolchains/gcc_arm/13_2-Rel1/arm-gnu-toolchain-13.2.Rel1-x86_64-arm-none-eabi/bin/../lib/gcc/arm-none-eabi/13.2.1/thumb/v8-m.main+dp/hard/crtend.o

.comment        0x00000000       0x44
 .comment       0x00000000       0x44 ./src/hal_entry.o
                                 0x45 (size before relaxing)
 .comment       0x00000044       0x45 ./src/hal_warmstart.o
 .comment       0x00000044       0x45 ./ra_gen/common_data.o
 .comment       0x00000044       0x45 ./ra_gen/hal_data.o
 .comment       0x00000044       0x45 ./ra_gen/main.o
 .comment       0x00000044       0x45 ./ra_gen/pin_data.o
 .comment       0x00000044       0x45 ./ra_gen/vector_data.o
 .comment       0x00000044       0x45 ./ra/fsp/src/r_sci_b_uart/r_sci_b_uart.o
 .comment       0x00000044       0x45 ./ra/fsp/src/r_sci_b_spi/r_sci_b_spi.o
 .comment       0x00000044       0x45 ./ra/fsp/src/r_ioport/r_ioport.o
 .comment       0x00000044       0x45 ./ra/fsp/src/bsp/mcu/ra8d1/bsp_linker.o
 .comment       0x00000044       0x45 ./ra/fsp/src/bsp/mcu/all/bsp_clocks.o
 .comment       0x00000044       0x45 ./ra/fsp/src/bsp/mcu/all/bsp_common.o
 .comment       0x00000044       0x45 ./ra/fsp/src/bsp/mcu/all/bsp_delay.o
 .comment       0x00000044       0x45 ./ra/fsp/src/bsp/mcu/all/bsp_group_irq.o
 .comment       0x00000044       0x45 ./ra/fsp/src/bsp/mcu/all/bsp_io.o
 .comment       0x00000044       0x45 ./ra/fsp/src/bsp/mcu/all/bsp_irq.o
 .comment       0x00000044       0x45 ./ra/fsp/src/bsp/mcu/all/bsp_register_protection.o
 .comment       0x00000044       0x45 ./ra/fsp/src/bsp/cmsis/Device/RENESAS/Source/startup.o
 .comment       0x00000044       0x45 ./ra/fsp/src/bsp/cmsis/Device/RENESAS/Source/system.o

.debug_info     0x00000000    0x43d43
 .debug_info    0x00000000     0x1c78 ./src/hal_entry.o
 .debug_info    0x00001c78      0xfef ./src/hal_warmstart.o
 .debug_info    0x00002c67     0x1253 ./ra_gen/common_data.o
 .debug_info    0x00003eba     0x3546 ./ra_gen/hal_data.o
 .debug_info    0x00007400       0xaa ./ra_gen/main.o
 .debug_info    0x000074aa      0xa31 ./ra_gen/pin_data.o
 .debug_info    0x00007edb      0x988 ./ra_gen/vector_data.o
 .debug_info    0x00008863     0xbd89 ./ra/fsp/src/r_sci_b_uart/r_sci_b_uart.o
 .debug_info    0x000145ec     0xba53 ./ra/fsp/src/r_sci_b_spi/r_sci_b_spi.o
 .debug_info    0x0002003f     0x9b15 ./ra/fsp/src/r_ioport/r_ioport.o
 .debug_info    0x00029b54      0x642 ./ra/fsp/src/bsp/mcu/ra8d1/bsp_linker.o
 .debug_info    0x0002a196     0x8bfb ./ra/fsp/src/bsp/mcu/all/bsp_clocks.o
 .debug_info    0x00032d91      0x966 ./ra/fsp/src/bsp/mcu/all/bsp_common.o
 .debug_info    0x000336f7      0x204 ./ra/fsp/src/bsp/mcu/all/bsp_delay.o
 .debug_info    0x000338fb     0x11be ./ra/fsp/src/bsp/mcu/all/bsp_group_irq.o
 .debug_info    0x00034ab9       0xb2 ./ra/fsp/src/bsp/mcu/all/bsp_io.o
 .debug_info    0x00034b6b     0x1238 ./ra/fsp/src/bsp/mcu/all/bsp_irq.o
 .debug_info    0x00035da3     0x5dac ./ra/fsp/src/bsp/mcu/all/bsp_register_protection.o
 .debug_info    0x0003bb4f      0x187 ./ra/fsp/src/bsp/cmsis/Device/RENESAS/Source/startup.o
 .debug_info    0x0003bcd6     0x806d ./ra/fsp/src/bsp/cmsis/Device/RENESAS/Source/system.o

.debug_abbrev   0x00000000     0x2f58
 .debug_abbrev  0x00000000      0x2d8 ./src/hal_entry.o
 .debug_abbrev  0x000002d8      0x158 ./src/hal_warmstart.o
 .debug_abbrev  0x00000430      0x13a ./ra_gen/common_data.o
 .debug_abbrev  0x0000056a      0x2a1 ./ra_gen/hal_data.o
 .debug_abbrev  0x0000080b       0x61 ./ra_gen/main.o
 .debug_abbrev  0x0000086c       0xff ./ra_gen/pin_data.o
 .debug_abbrev  0x0000096b       0xbe ./ra_gen/vector_data.o
 .debug_abbrev  0x00000a29      0x6a8 ./ra/fsp/src/r_sci_b_uart/r_sci_b_uart.o
 .debug_abbrev  0x000010d1      0x681 ./ra/fsp/src/r_sci_b_spi/r_sci_b_spi.o
 .debug_abbrev  0x00001752      0x48b ./ra/fsp/src/r_ioport/r_ioport.o
 .debug_abbrev  0x00001bdd       0xe3 ./ra/fsp/src/bsp/mcu/ra8d1/bsp_linker.o
 .debug_abbrev  0x00001cc0      0x408 ./ra/fsp/src/bsp/mcu/all/bsp_clocks.o
 .debug_abbrev  0x000020c8      0x188 ./ra/fsp/src/bsp/mcu/all/bsp_common.o
 .debug_abbrev  0x00002250      0x10d ./ra/fsp/src/bsp/mcu/all/bsp_delay.o
 .debug_abbrev  0x0000235d      0x25d ./ra/fsp/src/bsp/mcu/all/bsp_group_irq.o
 .debug_abbrev  0x000025ba       0x5e ./ra/fsp/src/bsp/mcu/all/bsp_io.o
 .debug_abbrev  0x00002618      0x1cc ./ra/fsp/src/bsp/mcu/all/bsp_irq.o
 .debug_abbrev  0x000027e4      0x26c ./ra/fsp/src/bsp/mcu/all/bsp_register_protection.o
 .debug_abbrev  0x00002a50      0x102 ./ra/fsp/src/bsp/cmsis/Device/RENESAS/Source/startup.o
 .debug_abbrev  0x00002b52      0x406 ./ra/fsp/src/bsp/cmsis/Device/RENESAS/Source/system.o

.debug_loclists
                0x00000000     0x34b2
 .debug_loclists
                0x00000000      0x10a ./src/hal_entry.o
 .debug_loclists
                0x0000010a       0x29 ./src/hal_warmstart.o
 .debug_loclists
                0x00000133      0xe3d ./ra/fsp/src/r_sci_b_uart/r_sci_b_uart.o
 .debug_loclists
                0x00000f70     0x1224 ./ra/fsp/src/r_sci_b_spi/r_sci_b_spi.o
 .debug_loclists
                0x00002194      0x7e5 ./ra/fsp/src/r_ioport/r_ioport.o
 .debug_loclists
                0x00002979      0x675 ./ra/fsp/src/bsp/mcu/all/bsp_clocks.o
 .debug_loclists
                0x00002fee       0x20 ./ra/fsp/src/bsp/mcu/all/bsp_common.o
 .debug_loclists
                0x0000300e      0x1ac ./ra/fsp/src/bsp/mcu/all/bsp_delay.o
 .debug_loclists
                0x000031ba       0x73 ./ra/fsp/src/bsp/mcu/all/bsp_group_irq.o
 .debug_loclists
                0x0000322d       0x38 ./ra/fsp/src/bsp/mcu/all/bsp_irq.o
 .debug_loclists
                0x00003265       0xa7 ./ra/fsp/src/bsp/mcu/all/bsp_register_protection.o
 .debug_loclists
                0x0000330c      0x1a6 ./ra/fsp/src/bsp/cmsis/Device/RENESAS/Source/system.o

.debug_aranges  0x00000000      0x470
 .debug_aranges
                0x00000000       0x28 ./src/hal_entry.o
 .debug_aranges
                0x00000028       0x20 ./src/hal_warmstart.o
 .debug_aranges
                0x00000048       0x20 ./ra_gen/common_data.o
 .debug_aranges
                0x00000068       0x20 ./ra_gen/hal_data.o
 .debug_aranges
                0x00000088       0x20 ./ra_gen/main.o
 .debug_aranges
                0x000000a8       0x18 ./ra_gen/pin_data.o
 .debug_aranges
                0x000000c0       0x18 ./ra_gen/vector_data.o
 .debug_aranges
                0x000000d8       0xa8 ./ra/fsp/src/r_sci_b_uart/r_sci_b_uart.o
 .debug_aranges
                0x00000180       0x90 ./ra/fsp/src/r_sci_b_spi/r_sci_b_spi.o
 .debug_aranges
                0x00000210       0x90 ./ra/fsp/src/r_ioport/r_ioport.o
 .debug_aranges
                0x000002a0       0x18 ./ra/fsp/src/bsp/mcu/ra8d1/bsp_linker.o
 .debug_aranges
                0x000002b8       0x80 ./ra/fsp/src/bsp/mcu/all/bsp_clocks.o
 .debug_aranges
                0x00000338       0x30 ./ra/fsp/src/bsp/mcu/all/bsp_common.o
 .debug_aranges
                0x00000368       0x28 ./ra/fsp/src/bsp/mcu/all/bsp_delay.o
 .debug_aranges
                0x00000390       0x28 ./ra/fsp/src/bsp/mcu/all/bsp_group_irq.o
 .debug_aranges
                0x000003b8       0x18 ./ra/fsp/src/bsp/mcu/all/bsp_io.o
 .debug_aranges
                0x000003d0       0x20 ./ra/fsp/src/bsp/mcu/all/bsp_irq.o
 .debug_aranges
                0x000003f0       0x28 ./ra/fsp/src/bsp/mcu/all/bsp_register_protection.o
 .debug_aranges
                0x00000418       0x28 ./ra/fsp/src/bsp/cmsis/Device/RENESAS/Source/startup.o
 .debug_aranges
                0x00000440       0x30 ./ra/fsp/src/bsp/cmsis/Device/RENESAS/Source/system.o

.debug_rnglists
                0x00000000      0x995
 .debug_rnglists
                0x00000000       0x2c ./src/hal_entry.o
 .debug_rnglists
                0x0000002c       0x13 ./src/hal_warmstart.o
 .debug_rnglists
                0x0000003f       0x13 ./ra_gen/common_data.o
 .debug_rnglists
                0x00000052       0x13 ./ra_gen/hal_data.o
 .debug_rnglists
                0x00000065       0x13 ./ra_gen/main.o
 .debug_rnglists
                0x00000078      0x248 ./ra/fsp/src/r_sci_b_uart/r_sci_b_uart.o
 .debug_rnglists
                0x000002c0      0x38e ./ra/fsp/src/r_sci_b_spi/r_sci_b_spi.o
 .debug_rnglists
                0x0000064e       0xbc ./ra/fsp/src/r_ioport/r_ioport.o
 .debug_rnglists
                0x0000070a      0x13e ./ra/fsp/src/bsp/mcu/all/bsp_clocks.o
 .debug_rnglists
                0x00000848       0x1f ./ra/fsp/src/bsp/mcu/all/bsp_common.o
 .debug_rnglists
                0x00000867       0x35 ./ra/fsp/src/bsp/mcu/all/bsp_delay.o
 .debug_rnglists
                0x0000089c       0x37 ./ra/fsp/src/bsp/mcu/all/bsp_group_irq.o
 .debug_rnglists
                0x000008d3       0x1f ./ra/fsp/src/bsp/mcu/all/bsp_irq.o
 .debug_rnglists
                0x000008f2       0x31 ./ra/fsp/src/bsp/mcu/all/bsp_register_protection.o
 .debug_rnglists
                0x00000923       0x19 ./ra/fsp/src/bsp/cmsis/Device/RENESAS/Source/startup.o
 .debug_rnglists
                0x0000093c       0x59 ./ra/fsp/src/bsp/cmsis/Device/RENESAS/Source/system.o

.debug_line     0x00000000     0x8209
 .debug_line    0x00000000      0x501 ./src/hal_entry.o
 .debug_line    0x00000501      0x362 ./src/hal_warmstart.o
 .debug_line    0x00000863      0x305 ./ra_gen/common_data.o
 .debug_line    0x00000b68      0x384 ./ra_gen/hal_data.o
 .debug_line    0x00000eec       0x5e ./ra_gen/main.o
 .debug_line    0x00000f4a      0x27d ./ra_gen/pin_data.o
 .debug_line    0x000011c7      0x153 ./ra_gen/vector_data.o
 .debug_line    0x0000131a     0x1854 ./ra/fsp/src/r_sci_b_uart/r_sci_b_uart.o
 .debug_line    0x00002b6e     0x1765 ./ra/fsp/src/r_sci_b_spi/r_sci_b_spi.o
 .debug_line    0x000042d3      0xba4 ./ra/fsp/src/r_ioport/r_ioport.o
 .debug_line    0x00004e77      0x1af ./ra/fsp/src/bsp/mcu/ra8d1/bsp_linker.o
 .debug_line    0x00005026     0x1197 ./ra/fsp/src/bsp/mcu/all/bsp_clocks.o
 .debug_line    0x000061bd      0x334 ./ra/fsp/src/bsp/mcu/all/bsp_common.o
 .debug_line    0x000064f1      0x364 ./ra/fsp/src/bsp/mcu/all/bsp_delay.o
 .debug_line    0x00006855      0x403 ./ra/fsp/src/bsp/mcu/all/bsp_group_irq.o
 .debug_line    0x00006c58      0x1ef ./ra/fsp/src/bsp/mcu/all/bsp_io.o
 .debug_line    0x00006e47      0x355 ./ra/fsp/src/bsp/mcu/all/bsp_irq.o
 .debug_line    0x0000719c      0x43b ./ra/fsp/src/bsp/mcu/all/bsp_register_protection.o
 .debug_line    0x000075d7      0x25b ./ra/fsp/src/bsp/cmsis/Device/RENESAS/Source/startup.o
 .debug_line    0x00007832      0x9d7 ./ra/fsp/src/bsp/cmsis/Device/RENESAS/Source/system.o

.debug_str      0x00000000     0xde3d
 .debug_str     0x00000000     0xde3d ./src/hal_entry.o
                               0x3c97 (size before relaxing)
 .debug_str     0x0000de3d     0x3218 ./src/hal_warmstart.o
 .debug_str     0x0000de3d     0x33e3 ./ra_gen/common_data.o
 .debug_str     0x0000de3d     0x5146 ./ra_gen/hal_data.o
 .debug_str     0x0000de3d      0x1f0 ./ra_gen/main.o
 .debug_str     0x0000de3d     0x1dc6 ./ra_gen/pin_data.o
 .debug_str     0x0000de3d     0x21c3 ./ra_gen/vector_data.o
 .debug_str     0x0000de3d     0x7af9 ./ra/fsp/src/r_sci_b_uart/r_sci_b_uart.o
 .debug_str     0x0000de3d     0x6602 ./ra/fsp/src/r_sci_b_spi/r_sci_b_spi.o
 .debug_str     0x0000de3d     0x6a1a ./ra/fsp/src/r_ioport/r_ioport.o
 .debug_str     0x0000de3d      0xbdd ./ra/fsp/src/bsp/mcu/ra8d1/bsp_linker.o
 .debug_str     0x0000de3d     0x3acf ./ra/fsp/src/bsp/mcu/all/bsp_clocks.o
 .debug_str     0x0000de3d     0x1cd8 ./ra/fsp/src/bsp/mcu/all/bsp_common.o
 .debug_str     0x0000de3d      0x340 ./ra/fsp/src/bsp/mcu/all/bsp_delay.o
 .debug_str     0x0000de3d     0x212d ./ra/fsp/src/bsp/mcu/all/bsp_group_irq.o
 .debug_str     0x0000de3d      0x21f ./ra/fsp/src/bsp/mcu/all/bsp_io.o
 .debug_str     0x0000de3d     0x256d ./ra/fsp/src/bsp/mcu/all/bsp_irq.o
 .debug_str     0x0000de3d     0x2876 ./ra/fsp/src/bsp/mcu/all/bsp_register_protection.o
 .debug_str     0x0000de3d      0x28e ./ra/fsp/src/bsp/cmsis/Device/RENESAS/Source/startup.o
 .debug_str     0x0000de3d     0x3810 ./ra/fsp/src/bsp/cmsis/Device/RENESAS/Source/system.o

.debug_frame    0x00000000      0x954
 .debug_frame   0x00000000       0x58 ./src/hal_entry.o
 .debug_frame   0x00000058       0x20 ./src/hal_warmstart.o
 .debug_frame   0x00000078       0x20 ./ra_gen/common_data.o
 .debug_frame   0x00000098       0x20 ./ra_gen/hal_data.o
 .debug_frame   0x000000b8       0x28 ./ra_gen/main.o
 .debug_frame   0x000000e0      0x1fc ./ra/fsp/src/r_sci_b_uart/r_sci_b_uart.o
 .debug_frame   0x000002dc      0x178 ./ra/fsp/src/r_sci_b_spi/r_sci_b_spi.o
 .debug_frame   0x00000454      0x17c ./ra/fsp/src/r_ioport/r_ioport.o
 .debug_frame   0x000005d0      0x15c ./ra/fsp/src/bsp/mcu/all/bsp_clocks.o
 .debug_frame   0x0000072c       0x40 ./ra/fsp/src/bsp/mcu/all/bsp_common.o
 .debug_frame   0x0000076c       0x4c ./ra/fsp/src/bsp/mcu/all/bsp_delay.o
 .debug_frame   0x000007b8       0x3c ./ra/fsp/src/bsp/mcu/all/bsp_group_irq.o
 .debug_frame   0x000007f4       0x2c ./ra/fsp/src/bsp/mcu/all/bsp_irq.o
 .debug_frame   0x00000820       0x48 ./ra/fsp/src/bsp/mcu/all/bsp_register_protection.o
 .debug_frame   0x00000868       0x38 ./ra/fsp/src/bsp/cmsis/Device/RENESAS/Source/startup.o
 .debug_frame   0x000008a0       0x6c ./ra/fsp/src/bsp/cmsis/Device/RENESAS/Source/system.o
 .debug_frame   0x0000090c       0x28 /home/fermata/.local/share/renesas/e2_studio/toolchains/gcc_arm/13_2-Rel1/arm-gnu-toolchain-13.2.Rel1-x86_64-arm-none-eabi/bin/../lib/gcc/arm-none-eabi/13.2.1/../../../../arm-none-eabi/lib/thumb/v8-m.main+dp/hard/libg_nano.a(libc_a-memcpy-stub.o)
 .debug_frame   0x00000934       0x20 /home/fermata/.local/share/renesas/e2_studio/toolchains/gcc_arm/13_2-Rel1/arm-gnu-toolchain-13.2.Rel1-x86_64-arm-none-eabi/bin/../lib/gcc/arm-none-eabi/13.2.1/../../../../arm-none-eabi/lib/thumb/v8-m.main+dp/hard/libg_nano.a(libc_a-memset.o)

.debug_line_str
                0x00000000       0xe8
 .debug_line_str
                0x00000000       0xe8 /home/fermata/.local/share/renesas/e2_studio/toolchains/gcc_arm/13_2-Rel1/arm-gnu-toolchain-13.2.Rel1-x86_64-arm-none-eabi/bin/../lib/gcc/arm-none-eabi/13.2.1/../../../../arm-none-eabi/lib/thumb/v8-m.main+dp/hard/libg_nano.a(libc_a-strlen.o)
